SQL> SELECT COUNT FROM LOCATION;
SELECT COUNT FROM LOCATION
                  *
ERROR at line 1:
ORA-00942: table or view does not exist 


SQL> SELECT COUNT(*) FROM LOCATION_1107;

  COUNT(*)                                                                                                                                                                                                                                                                                                                                                                                                      
----------                                                                                                                                                                                                                                                                                                                                                                                                      
        11                                                                                                                                                                                                                                                                                                                                                                                                      

SQL> SELECT COUNT(DISTINCT(BUILDING)) FROM LOCATION_1107;

COUNT(DISTINCT(BUILDING))                                                                                                                                                                                                                                                                                                                                                                                       
-------------------------                                                                                                                                                                                                                                                                                                                                                                                       
                        3                                                                                                                                                                                                                                                                                                                                                                                       

SQL> SELECT FIRST , LAST , TO_CHAR(BIRTHDAY,'DD MONTH, YYYY') FROM STUDENT_1107;

FIRST           LAST            TO_CHAR(BIRTHDAY,'DDMONTH,YYYY')                                                                                                                                                                                                                                                                                                                                                
--------------- --------------- ---------------------------------------------                                                                                                                                                                                                                                                                                                                                   
Jose            Diaz            02 DECEMBER , 1983                                                                                                                                                                                                                                                                                                                                                              
Mickey          Tyler           03 JUNE     , 1984                                                                                                                                                                                                                                                                                                                                                              
Rajesh          Patel           12 DECEMBER , 1985                                                                                                                                                                                                                                                                                                                                                              
Deborah         Rickles         10 AUGUST   , 1970                                                                                                                                                                                                                                                                                                                                                              
Brian           Lee             11 APRIL    , 1985                                                                                                                                                                                                                                                                                                                                                              
Amir            Khan            07 JULY     , 1984                                                                                                                                                                                                                                                                                                                                                              

6 rows selected.

SQL> select avg(months_between(sysdate, birthday)/12), max(months_between(sysdate, birthday)/12), min(months_between(sysdate, birthday)/12) from STUDENT_1107;

AVG(MONTHS_BETWEEN(SYSDATE,BIRTHDAY)/12) MAX(MONTHS_BETWEEN(SYSDATE,BIRTHDAY)/12) MIN(MONTHS_BETWEEN(SYSDATE,BIRTHDAY)/12)                                                                                                                                                                                                                                                                                      
---------------------------------------- ---------------------------------------- ----------------------------------------                                                                                                                                                                                                                                                                                      
                              39.7233085                               51.5642067                                36.225497                                                                                                                                                                                                                                                                                      

SQL> SELECT * FROM COURSE_1107;

COURSE TITLE                   CREDITS PREREQ                                                                                                                                                                                                                                                                                                                                                                   
------ -------------------- ---------- ------                                                                                                                                                                                                                                                                                                                                                                   
EN100  Basic English                 0                                                                                                                                                                                                                                                                                                                                                                          
LA123  English Literature            3 EN100                                                                                                                                                                                                                                                                                                                                                                    
CIS253 Database Systems              3                                                                                                                                                                                                                                                                                                                                                                          
CIS265 Systems Analysis              3 CIS253                                                                                                                                                                                                                                                                                                                                                                   
MA150  College Algebra               3                                                                                                                                                                                                                                                                                                                                                                          
AC101  Accounting                    3                                                                                                                                                                                                                                                                                                                                                                          

6 rows selected.

SQL> SELECT COURSEID, NVL2(PREREQ, '1','none') FROM COURSE_1107;

COURSE NVL2                                                                                                                                                                                                                                                                                                                                                                                                     
------ ----                                                                                                                                                                                                                                                                                                                                                                                                     
EN100  none                                                                                                                                                                                                                                                                                                                                                                                                     
LA123  1                                                                                                                                                                                                                                                                                                                                                                                                        
CIS253 none                                                                                                                                                                                                                                                                                                                                                                                                     
CIS265 1                                                                                                                                                                                                                                                                                                                                                                                                        
MA150  none                                                                                                                                                                                                                                                                                                                                                                                                     
AC101  none                                                                                                                                                                                                                                                                                                                                                                                                     

6 rows selected.

SQL> SELECT * FROM FACULTY_1107;

 FACULTYID NAME                ROOMID PHO     DEPTID                                                                                                                                                                                                                                                                                                                                                            
---------- --------------- ---------- --- ----------                                                                                                                                                                                                                                                                                                                                                            
       111 Jones                   11 525          1                                                                                                                                                                                                                                                                                                                                                            
       222 Williams                20 533          2                                                                                                                                                                                                                                                                                                                                                            
       123 Mobley                  11 529          1                                                                                                                                                                                                                                                                                                                                                            
       235 Vajpayee                12 577          2                                                                                                                                                                                                                                                                                                                                                            
       345 Sen                     12 579          3                                                                                                                                                                                                                                                                                                                                                            
       444 Rivera                  21 544          4                                                                                                                                                                                                                                                                                                                                                            
       555 Chang                   17 587          5                                                                                                                                                                                                                                                                                                                                                            
       333 Collins                 17 599          3                                                                                                                                                                                                                                                                                                                                                            

8 rows selected.

SQL> SELECT * FROM STUDENT_1107 WHERE TO_CHAR(Birthday, 'MM') = '2';

no rows selected

SQL> SELECT * FROM STUDENT_1107 WHERE TO_CHAR(Birthday, 'MM') = '02';

no rows selected

SQL> SELECT STUDENT_1107.First, STUDENT_1107.Last, MAJOR.MAJORDesc FROM STUDENT_1107, MAJOR_1107 WHERE STUDENT_1107.MAJORID = MAJOR_1107.MAJORID;
SELECT STUDENT_1107.First, STUDENT_1107.Last, MAJOR.MAJORDesc FROM STUDENT_1107, MAJOR_1107 WHERE STUDENT_1107.MAJORID = MAJOR_1107.MAJORID
                                              *
ERROR at line 1:
ORA-00904: "MAJOR"."MAJORDESC": invalid identifier 


SQL> SELECT STUDENT_1107.First, STUDENT_1107.Last, MAJOR_1107.MAJORDesc FROM STUDENT_1107, MAJOR_1107 WHERE STUDENT_1107.MAJORID = MAJOR_1107.MAJORID;

FIRST           LAST            MAJORDESC                                                                                                                                                                                                                                                                                                                                                                       
--------------- --------------- -------------------------                                                                                                                                                                                                                                                                                                                                                       
Jose            Diaz            AAS-Accounting                                                                                                                                                                                                                                                                                                                                                                  
Amir            Khan            AAS-Computer Science                                                                                                                                                                                                                                                                                                                                                            
Rajesh          Patel           BS-Accounting                                                                                                                                                                                                                                                                                                                                                                   
Deborah         Rickles         BS-Computer Science                                                                                                                                                                                                                                                                                                                                                             
Mickey          Tyler           BS-Computer Science                                                                                                                                                                                                                                                                                                                                                             
Brian           Lee             BS-Telecommunications                                                                                                                                                                                                                                                                                                                                                           

6 rows selected.

SQL> spool out;
